   Γû▓ Next.js 15.1.0

   Creating an optimized production build ...
 Γ£ô Compiled successfully
   Linting and checking validity of types ...
   Collecting page data ...
   Generating static pages (0/10) ...
   Generating static pages (2/10) 
   Generating static pages (4/10) 
   Generating static pages (7/10) 
 Γ£ô Generating static pages (10/10)
   Finalizing page optimization ...
   Collecting build traces ...

Route (app)                              Size     First Load JS
Γöî Γùï /                                    137 B           106 kB
Γö£ Γùï /_not-found                          980 B           106 kB
Γö£ Γùï /admin/dashboard                     3.58 kB         120 kB
Γö£ Γùï /cart                                4.15 kB         120 kB
Γö£ ╞Æ /dish/[id]                           4.1 kB          120 kB
Γö£ Γùï /login                               2.74 kB         119 kB
Γö£ Γùï /menu                                4.75 kB         121 kB
Γö£ Γùï /profile/orders                      4.02 kB         120 kB
Γöö Γùï /register                            3.11 kB         119 kB
+ First Load JS shared by all            105 kB
  Γö£ chunks/019dade1-3f81ecbe6deb24c0.js  52.9 kB
  Γö£ chunks/767-b4c8da3959a134ee.js       50.5 kB
  Γöö other shared chunks (total)          1.97 kB


Γùï  (Static)   prerendered as static content
╞Æ  (Dynamic)  server-rendered on demand

